// Jest Snapshot v1, https://goo.gl/fbAQLP

exports[`A Snapshot of Profile Component capturing Snapshot of Profile 1`] = `
<div
  className="hello"
>
  <p
    className="greeting"
  >
    Hello! My name is 
    <strong>
      Daniel
    </strong>
    . My name was passed in through a route param!
  </p>
  <button
    onClick={[Function]}
  >
    Fork the Project
  </button>
</div>
`;
